 ⨯ ./src/pages/team-portal/kitchen/dashboard.tsx
Error:   [31mx[0m Expression expected
      ,-[[36;1;4mD:\sg-9ebc9d03-721e-40f1-8ec4-02bdd35dd76c-1777236306\src\pages\team-portal\kitchen\dashboard.tsx[0m:1229:1]
 [2m1226[0m |   );
 [2m1227[0m | 
 [2m1228[0m |   return (
 [2m1229[0m |     <>
      : [35;1m     ^[0m
 [2m1230[0m |       <KitchenPageShell
 [2m1231[0m |         pageTitle="Kitchen today - CateringMS"
 [2m1231[0m |         heading="Kitchen today"
      `----
  [31mx[0m Unterminated regexp literal
      ,-[[36;1;4mD:\sg-9ebc9d03-721e-40f1-8ec4-02bdd35dd76c-1777236306\src\pages\team-portal\kitchen\dashboard.tsx[0m:2467:1]
 [2m2464[0m |                 );
 [2m2465[0m |               })()}
 [2m2466[0m |             </div>
 [2m2467[0m |           </PortalCard>
      : [35;1m           ^^^^^^^^^^^^[0m
 [2m2468[0m |       </KitchenPageShell>
 [2m2469[0m | 
 [2m2469[0m |       {/* Wave 70.7c - service-mode FAB at bottom-left so a chef
      `----

Caused by:
    Syntax Error

Import trace for requested module:
./src/pages/team-portal/kitchen/dashboard.tsx
 ⨯ ./src/pages/team-portal/kitchen/management.tsx
Module parse failed: Identifier 'Link' has already been declared (4:7)
| import Link from "next/link";
| import { ArrowLeft, ChefHat } from "__barrel_optimize__?names=ArrowLeft,ChefHat!=!lucide-react";
> import Link from "next/link";
| import { ProtectedRoute } from "@/components/ProtectedRoute";
| import { TeamManagerWorkspace } from "@/components/admin/TeamManagerWorkspace";
 ⨯ ./src/pages/team-portal/kitchen/management.tsx
Module parse failed: Identifier 'Link' has already been declared (4:7)
| import Link from "next/link";
| import { ArrowLeft, ChefHat } from "__barrel_optimize__?names=ArrowLeft,ChefHat!=!lucide-react";
> import Link from "next/link";
| import { ProtectedRoute } from "@/components/ProtectedRoute";
| import { TeamManagerWorkspace } from "@/components/admin/TeamManagerWorkspace";
Warning: useLayoutEffect does nothing on the server, because its effect cannot be encoded into the server renderer's output format. This will lead to a mismatch between the initial, non-hydrated UI and the intended UI. To avoid this, useLayoutEffect should only be used in components that render exclusively on the client. See https://reactjs.org/link/uselayouteffect-ssr for common fixes.
    at ShadowPortal (D:\sg-9ebc9d03-721e-40f1-8ec4-02bdd35dd76c-1777236306\node_modules\next\src\client\components\react-dev-overlay\ui\components\shadow-portal.tsx:5:32)
    at DevOverlay (D:\sg-9ebc9d03-721e-40f1-8ec4-02bdd35dd76c-1777236306\node_modules\next\src\client\components\react-dev-overlay\ui\dev-overlay.tsx:14:3)
    at ReactDevOverlay (D:\sg-9ebc9d03-721e-40f1-8ec4-02bdd35dd76c-1777236306\node_modules\next\src\server\dev\next-dev-server.ts:82:10)
    at div
    at Body (D:\sg-9ebc9d03-721e-40f1-8ec4-02bdd35dd76c-1777236306\node_modules\next\src\server\render.tsx:1263:19)
Warning: useLayoutEffect does nothing on the server, because its effect cannot be encoded into the server renderer's output format. This will lead to a mismatch between the initial, non-hydrated UI and the intended UI. To avoid this, useLayoutEffect should only be used in components that render exclusively on the client. See https://reactjs.org/link/uselayouteffect-ssr for common fixes.
    at ShadowPortal (D:\sg-9ebc9d03-721e-40f1-8ec4-02bdd35dd76c-1777236306\node_modules\next\src\client\components\react-dev-overlay\ui\components\shadow-portal.tsx:5:32)
    at DevOverlay (D:\sg-9ebc9d03-721e-40f1-8ec4-02bdd35dd76c-1777236306\node_modules\next\src\client\components\react-dev-overlay\ui\dev-overlay.tsx:14:3)
    at ReactDevOverlay (D:\sg-9ebc9d03-721e-40f1-8ec4-02bdd35dd76c-1777236306\node_modules\next\src\server\dev\next-dev-server.ts:82:10)
    at div
    at Body (D:\sg-9ebc9d03-721e-40f1-8ec4-02bdd35dd76c-1777236306\node_modules\next\src\server\render.tsx:1263:19)
Warning: useLayoutEffect does nothing on the server, because its effect cannot be encoded into the server renderer's output format. This will lead to a mismatch between the initial, non-hydrated UI and the intended UI. To avoid this, useLayoutEffect should only be used in components that render exclusively on the client. See https://reactjs.org/link/uselayouteffect-ssr for common fixes.
    at ShadowPortal (D:\sg-9ebc9d03-721e-40f1-8ec4-02bdd35dd76c-1777236306\node_modules\next\src\client\components\react-dev-overlay\ui\components\shadow-portal.tsx:5:32)
    at DevOverlay (D:\sg-9ebc9d03-721e-40f1-8ec4-02bdd35dd76c-1777236306\node_modules\next\src\client\components\react-dev-overlay\ui\dev-overlay.tsx:14:3)
    at ReactDevOverlay (D:\sg-9ebc9d03-721e-40f1-8ec4-02bdd35dd76c-1777236306\node_modules\next\src\server\dev\next-dev-server.ts:82:10)
    at div
    at Body (D:\sg-9ebc9d03-721e-40f1-8ec4-02bdd35dd76c-1777236306\node_modules\next\src\server\render.tsx:1263:19)
Warning: useLayoutEffect does nothing on the server, because its effect cannot be encoded into the server renderer's output format. This will lead to a mismatch between the initial, non-hydrated UI and the intended UI. To avoid this, useLayoutEffect should only be used in components that render exclusively on the client. See https://reactjs.org/link/uselayouteffect-ssr for common fixes.
    at ShadowPortal (D:\sg-9ebc9d03-721e-40f1-8ec4-02bdd35dd76c-1777236306\node_modules\next\src\client\components\react-dev-overlay\ui\components\shadow-portal.tsx:5:32)
    at DevOverlay (D:\sg-9ebc9d03-721e-40f1-8ec4-02bdd35dd76c-1777236306\node_modules\next\src\client\components\react-dev-overlay\ui\dev-overlay.tsx:14:3)
    at ReactDevOverlay (D:\sg-9ebc9d03-721e-40f1-8ec4-02bdd35dd76c-1777236306\node_modules\next\src\server\dev\next-dev-server.ts:82:10)
    at div
    at Body (D:\sg-9ebc9d03-721e-40f1-8ec4-02bdd35dd76c-1777236306\node_modules\next\src\server\render.tsx:1263:19)
[admin/team-management] failed: Error: Please sign in again
    at getCompanyContext (src\pages\api\admin\team-management.ts:59:37)
    at async handler (src\pages\api\admin\team-management.ts:304:20)
    at async eval (src\lib\withApiLogging.ts:108:6)
  57 |     }
  58 |   }
> 59 |   if (!authUser) throw Object.assign(new Error("Please sign in again"), { statusCode: 401 });
     |                                     ^
  60 |
  61 |   const admin = getServiceSupabase();
  62 |   const { data: caller, error: callerError } = await admin {
  statusCode: 401
}
[admin/team-management] failed: Error: Please sign in again
    at getCompanyContext (src\pages\api\admin\team-management.ts:59:37)
    at async handler (src\pages\api\admin\team-management.ts:304:20)
    at async eval (src\lib\withApiLogging.ts:108:6)
  57 |     }
  58 |   }
> 59 |   if (!authUser) throw Object.assign(new Error("Please sign in again"), { statusCode: 401 });
     |                                     ^
  60 |
  61 |   const admin = getServiceSupabase();
  62 |   const { data: caller, error: callerError } = await admin {
  statusCode: 401
}
[admin/team-management] failed: Error: Please sign in again
    at getCompanyContext (src\pages\api\admin\team-management.ts:59:37)
    at async handler (src\pages\api\admin\team-management.ts:304:20)
    at async eval (src\lib\withApiLogging.ts:108:6)
  57 |     }
  58 |   }
> 59 |   if (!authUser) throw Object.assign(new Error("Please sign in again"), { statusCode: 401 });
     |                                     ^
  60 |
  61 |   const admin = getServiceSupabase();
  62 |   const { data: caller, error: callerError } = await admin {
  statusCode: 401
}
[admin/team-management] failed: Error: Please sign in again
    at getCompanyContext (src\pages\api\admin\team-management.ts:59:37)
    at async handler (src\pages\api\admin\team-management.ts:304:20)
    at async eval (src\lib\withApiLogging.ts:108:6)
  57 |     }
  58 |   }
> 59 |   if (!authUser) throw Object.assign(new Error("Please sign in again"), { statusCode: 401 });
     |                                     ^
  60 |
  61 |   const admin = getServiceSupabase();
  62 |   const { data: caller, error: callerError } = await admin {
  statusCode: 401
}
[admin/team-management] failed: Error: Please sign in again
    at getCompanyContext (src\pages\api\admin\team-management.ts:59:37)
    at async handler (src\pages\api\admin\team-management.ts:304:20)
    at async eval (src\lib\withApiLogging.ts:108:6)
  57 |     }
  58 |   }
> 59 |   if (!authUser) throw Object.assign(new Error("Please sign in again"), { statusCode: 401 });
     |                                     ^
  60 |
  61 |   const admin = getServiceSupabase();
  62 |   const { data: caller, error: callerError } = await admin {
  statusCode: 401
}
[admin/team-management] failed: Error: Please sign in again
    at getCompanyContext (src\pages\api\admin\team-management.ts:59:37)
    at async handler (src\pages\api\admin\team-management.ts:304:20)
    at async eval (src\lib\withApiLogging.ts:108:6)
  57 |     }
  58 |   }
> 59 |   if (!authUser) throw Object.assign(new Error("Please sign in again"), { statusCode: 401 });
     |                                     ^
  60 |
  61 |   const admin = getServiceSupabase();
  62 |   const { data: caller, error: callerError } = await admin {
  statusCode: 401
}
[admin/team-management] failed: Error: Please sign in again
    at getCompanyContext (src\pages\api\admin\team-management.ts:59:37)
    at async handler (src\pages\api\admin\team-management.ts:304:20)
    at async eval (src\lib\withApiLogging.ts:108:6)
  57 |     }
  58 |   }
> 59 |   if (!authUser) throw Object.assign(new Error("Please sign in again"), { statusCode: 401 });
     |                                     ^
  60 |
  61 |   const admin = getServiceSupabase();
  62 |   const { data: caller, error: callerError } = await admin {
  statusCode: 401
}
 ⨯ ./src/pages/admin/kitchen-schedule.tsx
Error:   [31mx[0m Expression expected
     ,-[[36;1;4mD:\sg-9ebc9d03-721e-40f1-8ec4-02bdd35dd76c-1777236306\src\pages\admin\kitchen-schedule.tsx[0m:450:1]
 [2m447[0m |   }, [shifts, todayIso]);
 [2m448[0m | 
 [2m449[0m |   return (
 [2m450[0m |     <>
     : [35;1m     ^[0m
 [2m451[0m |       <Head><title>Kitchen schedule - CateringMS</title></Head>
 [2m452[0m |       <NoIndexMeta />
 [2m452[0m |       <DynamicNav userRole={userRole} />
     `----
  [31mx[0m Expression expected
     ,-[[36;1;4mD:\sg-9ebc9d03-721e-40f1-8ec4-02bdd35dd76c-1777236306\src\pages\admin\kitchen-schedule.tsx[0m:452:1]
 [2m449[0m |   return (
 [2m450[0m |     <>
 [2m451[0m |       <Head><title>Kitchen schedule - CateringMS</title></Head>
 [2m452[0m |       <NoIndexMeta />
     : [35;1m                    ^[0m
 [2m453[0m |       <DynamicNav userRole={userRole} />
 [2m454[0m |       <div className="admin-page-shell">
 [2m454[0m |         <PortalShell className="min-h-0 bg-transparent dark:bg-transparent">
     `----
  [31mx[0m Expected ';', got 'className'
     ,-[[36;1;4mD:\sg-9ebc9d03-721e-40f1-8ec4-02bdd35dd76c-1777236306\src\pages\admin\kitchen-schedule.tsx[0m:454:1]
 [2m451[0m |       <Head><title>Kitchen schedule - CateringMS</title></Head>
 [2m452[0m |       <NoIndexMeta />
 [2m453[0m |       <DynamicNav userRole={userRole} />
 [2m454[0m |       <div className="admin-page-shell">
     : [35;1m           ^^^^^^^^^[0m
 [2m455[0m |         <PortalShell className="min-h-0 bg-transparent dark:bg-transparent">
 [2m456[0m |           <div className="space-y-4">
 [2m456[0m |             <PortalHeader
     `----

Caused by:
    Syntax Error
