   ▲ Next.js 15.2.8
   - Local:        http://localhost:3002
   - Network:      http://192.168.56.1:3002

 ✓ Starting...
 ✓ Ready in 1049ms
[middleware] [INFO] request /embed/form.html
[accountingIntegrationService] ENCRYPTION_KEY env var is missing or malformed. Real production deploy detected - the FIRST OAuth token encryption call WILL THROW. Set ENCRYPTION_KEY (32-byte hex / base64) in Vercel production env immediately.
[middleware] [INFO] request /quote/spit-braai-delivery/orders

[logger] Run #1149 - logs → logs\run-1149-2026-10-06_15-56-26

[middleware] [INFO] request /embed/hosted.css
[middleware] [INFO] request /embed/hosted.js
[middleware] [INFO] request /embed/loader.js
[middleware] [INFO] request /api/public/embed/e877e365-d5b7-4839-b386-d5253f0c1141/config
[embed] EMBED_IP_HASH_SALT is not set. IP hashes are still one-way but a determined attacker with the public source can rainbow them. Set this env var in production.
[middleware] [INFO] request /embed/helpers.js
[middleware] [INFO] request /api/public/embed/e877e365-d5b7-4839-b386-d5253f0c1141/config
[middleware] [INFO] request /embed/templates/detailed-multi-step.js
[middleware] [INFO] request /quote/spit-braai-delivery/orders
[middleware] [INFO] request /embed/hosted.css
[middleware] [INFO] request /embed/hosted.js
[middleware] [INFO] request /embed/loader.js
[middleware] [INFO] request /api/public/embed/e877e365-d5b7-4839-b386-d5253f0c1141/config
[middleware] [INFO] request /api/public/embed/e877e365-d5b7-4839-b386-d5253f0c1141/config
[middleware] [INFO] request /embed/helpers.js
[middleware] [INFO] request /embed/templates/detailed-multi-step.js
