kitchen/dashboard: 200 loaded=true denied=false errors=0 failed=0 overflow(d/t/m)=0/0/0 h=1074/1746
kitchen/today: 200 loaded=true denied=false errors=0 failed=0 overflow(d/t/m)=0/0/0 h=1074/898
kitchen/duty: 200 loaded=true denied=false errors=0 failed=0 overflow(d/t/m)=0/0/0 h=1074/898
kitchen/prep-list: 200 loaded=true denied=false errors=0 failed=0 overflow(d/t/m)=0/0/0 h=1074/2001
kitchen/production: 200 loaded=true denied=false errors=0 failed=0 overflow(d/t/m)=0/0/0 h=1074/898
kitchen/stock: 200 loaded=true denied=false errors=0 failed=0 overflow(d/t/m)=0/0/0 h=1074/898
kitchen/menu: 200 loaded=true denied=false errors=0 failed=0 overflow(d/t/m)=0/0/0 h=2995/898
kitchen/calendar: 200 loaded=true denied=false errors=0 failed=0 overflow(d/t/m)=0/0/0 h=1074/898
kitchen/notifications: 200 loaded=true denied=false errors=0 failed=0 overflow(d/t/m)=0/0/0 h=1074/898
kitchen/settings: 200 loaded=true denied=false errors=0 failed=0 overflow(d/t/m)=0/0/0 h=1074/898
kitchen/handovers: 200 loaded=true denied=false errors=0 failed=0 overflow(d/t/m)=0/0/0 h=1074/898
kitchen-manager/management: 200 loaded=true denied=false errors=0 failed=0 overflow(d/t/m)=0/0/0 h=1074/898
driver/dashboard: 200 loaded=true denied=false errors=0 failed=0 overflow(d/t/m)=0/0/0 h=1074/898
driver/routes: 200 loaded=true denied=false errors=0 failed=0 overflow(d/t/m)=0/0/0 h=1074/1088
driver/deliveries: 200 loaded=true denied=false errors=0 failed=0 overflow(d/t/m)=0/0/0 h=1074/898
driver/calendar: 200 loaded=true denied=false errors=0 failed=0 overflow(d/t/m)=0/0/0 h=1074/898
driver/earnings: 200 loaded=true denied=false errors=0 failed=0 overflow(d/t/m)=0/0/0 h=1074/898
driver/notifications: 200 loaded=true denied=false errors=0 failed=0 overflow(d/t/m)=0/0/0 h=1074/1275
driver/schedule: 200 loaded=true denied=false errors=0 failed=0 overflow(d/t/m)=0/0/0 h=1074/898
driver/tracking: 200 loaded=true denied=false errors=0 failed=0 overflow(d/t/m)=0/0/0 h=1074/1088
waiter/dashboard: 200 loaded=true denied=false errors=0 failed=0 overflow(d/t/m)=0/0/0 h=1074/1446
waiter/notifications: 200 loaded=true denied=false errors=0 failed=0 overflow(d/t/m)=0/0/0 h=3247/1413
shopping/dashboard: 200 loaded=true denied=false errors=0 failed=0 overflow(d/t/m)=0/0/0 h=1115/898
shopping/buy-list: 200 loaded=true denied=false errors=0 failed=0 overflow(d/t/m)=0/0/0 h=1173/898
shopping/orders: 200 loaded=true denied=false errors=0 failed=0 overflow(d/t/m)=0/0/0 h=1074/1213
shopping/kitchen-demand: 200 loaded=true denied=false errors=0 failed=0 overflow(d/t/m)=0/0/0 h=1074/1381
shopping/restock: 200 loaded=true denied=false errors=0 failed=19 overflow(d/t/m)=0/0/0 h=1447/962
shopping/inventory: 200 loaded=true denied=false errors=0 failed=0 overflow(d/t/m)=0/0/0 h=1074/1440
shopping/suppliers: 200 loaded=true denied=false errors=0 failed=0 overflow(d/t/m)=0/0/0 h=1074/898
shopping/invoices: 200 loaded=true denied=false errors=0 failed=23 overflow(d/t/m)=0/0/0 h=1074/898
shopping/receipts: 200 loaded=true denied=false errors=0 failed=3 overflow(d/t/m)=0/0/0 h=1074/1129
shopping/notifications: 200 loaded=true denied=false errors=0 failed=0 overflow(d/t/m)=0/0/0 h=1074/1404
shopping/settings: 200 loaded=true denied=false errors=0 failed=0 overflow(d/t/m)=0/0/0 h=1074/898
shopping/alerts: 200 loaded=true denied=false errors=0 failed=1 overflow(d/t/m)=0/0/0 h=1153/898
cleaning/dashboard: 200 loaded=true denied=false errors=0 failed=3 overflow(d/t/m)=0/0/0 h=1174/898
cleaning/tasks: 200 loaded=true denied=false errors=0 failed=3 overflow(d/t/m)=0/0/0 h=1074/898
cleaning/schedules: 200 loaded=true denied=false errors=0 failed=4 overflow(d/t/m)=0/0/0 h=1074/898
cleaning/supplies: 200 loaded=true denied=false errors=0 failed=24 overflow(d/t/m)=0/0/0 h=1074/1091
cleaning/equipment: 200 loaded=true denied=false errors=0 failed=2 overflow(d/t/m)=0/0/0 h=1074/2892
cleaning/damage: 200 loaded=true denied=false errors=0 failed=15 overflow(d/t/m)=0/0/0 h=1074/898
cleaning/workflows: 200 loaded=true denied=false errors=0 failed=3 overflow(d/t/m)=0/0/0 h=1074/898
cleaning/notifications: 200 loaded=true denied=false errors=0 failed=0 overflow(d/t/m)=0/0/0 h=1074/3599
cleaning/settings: 200 loaded=true denied=false errors=0 failed=2 overflow(d/t/m)=0/0/0 h=1074/1639
cleaning-manager/management: 200 loaded=true denied=false errors=0 failed=0 overflow(d/t/m)=0/0/0 h=1074/1623
general/job-progress: 200 loaded=true denied=false errors=0 failed=14 overflow(d/t/m)=0/0/0 h=1074/898
client/dashboard: 200 loaded=true denied=false errors=0 failed=0 overflow(d/t/m)=0/0/0 h=1074/898
client/my-orders: 200 loaded=true denied=false errors=0 failed=6 overflow(d/t/m)=0/0/0 h=1156/898
client/quotes: 200 loaded=true denied=false errors=0 failed=7 overflow(d/t/m)=0/0/0 h=1074/1287
client/billing: 200 loaded=true denied=false errors=0 failed=6 overflow(d/t/m)=0/0/0 h=1074/1885
client/tracking: 200 loaded=true denied=false errors=0 failed=7 overflow(d/t/m)=0/0/0 h=1074/1973
client/notifications: 200 loaded=true denied=false errors=0 failed=2 overflow(d/t/m)=0/0/0 h=1074/898
client/feedback: 200 loaded=true denied=false errors=0 failed=0 overflow(d/t/m)=0/0/0 h=1074/1527
client/profile: 200 loaded=true denied=false errors=0 failed=0 overflow(d/t/m)=0/0/0 h=1074/2046
platform/dashboard: 200 loaded=true denied=false errors=0 failed=0 overflow(d/t/m)=0/0/0 h=1074/898
platform/company-database: 200 loaded=true denied=false errors=0 failed=1 overflow(d/t/m)=0/0/0 h=1074/898
platform/user-management: 200 loaded=true denied=false errors=0 failed=1 overflow(d/t/m)=0/0/0 h=1074/3056
platform/subscription-management: 200 loaded=true denied=false errors=0 failed=0 overflow(d/t/m)=0/0/0 h=1074/898
platform/pricing-management: 200 loaded=true denied=false errors=0 failed=0 overflow(d/t/m)=0/0/0 h=1074/898
platform/trial-management: 200 loaded=true denied=false errors=0 failed=0 overflow(d/t/m)=0/0/0 h=1074/1106
platform/currency-monitoring: 200 loaded=true denied=false errors=0 failed=0 overflow(d/t/m)=0/0/0 h=1074/898
platform/cms-blog: 200 loaded=true denied=false errors=0 failed=2 overflow(d/t/m)=0/0/0 h=1136/898
platform/cms-pages: 200 loaded=true denied=false errors=0 failed=1 overflow(d/t/m)=0/0/0 h=1074/1507
platform/tax-rules: 200 loaded=true denied=false errors=0 failed=1 overflow(d/t/m)=0/0/0 h=1074/898
platform/audit-logs: 200 loaded=true denied=false errors=0 failed=0 overflow(d/t/m)=0/0/0 h=1074/1350
platform/financial-dashboard: 200 loaded=true denied=false errors=0 failed=0 overflow(d/t/m)=0/0/0 h=1074/898
platform/messaging-templates: 200 loaded=true denied=false errors=0 failed=0 overflow(d/t/m)=0/0/0 h=1074/898
platform/payment-issues: 200 loaded=true denied=false errors=0 failed=0 overflow(d/t/m)=0/0/0 h=1074/898
platform/running-todo: 200 loaded=true denied=false errors=0 failed=1 overflow(d/t/m)=0/0/0 h=17525/898
platform/settings: 200 loaded=true denied=false errors=0 failed=0 overflow(d/t/m)=0/0/0 h=1074/898
platform/tech-costs: 200 loaded=true denied=false errors=0 failed=0 overflow(d/t/m)=0/0/0 h=1074/898
platform/tenant-health: 200 loaded=true denied=false errors=0 failed=0 overflow(d/t/m)=0/0/0 h=1074/2248
