shopping/dashboard: 200 loaded=true denied=false errors=0 failed=0 overflow(d/t/m)=0/0/0 h=1202/1387
shopping/buy-list: 200 loaded=true denied=false errors=0 failed=0 overflow(d/t/m)=0/0/0 h=2565/4159
shopping/orders: 200 loaded=true denied=false errors=0 failed=0 overflow(d/t/m)=0/0/0 h=1074/1155
shopping/kitchen-demand: 200 loaded=true denied=false errors=0 failed=0 overflow(d/t/m)=0/0/0 h=1704/2391
shopping/restock: 200 loaded=true denied=false errors=0 failed=0 overflow(d/t/m)=0/0/0 h=1479/2337
shopping/inventory: 200 loaded=true denied=false errors=0 failed=0 overflow(d/t/m)=0/0/0 h=1207/1590
shopping/suppliers: 200 loaded=true denied=false errors=0 failed=0 overflow(d/t/m)=0/0/0 h=1344/2630
shopping/invoices: 200 loaded=true denied=false errors=0 failed=0 overflow(d/t/m)=0/0/0 h=1074/1059
shopping/receipts: 200 loaded=true denied=false errors=0 failed=0 overflow(d/t/m)=0/0/0 h=1074/1112
shopping/notifications: 200 loaded=true denied=false errors=0 failed=0 overflow(d/t/m)=0/0/0 h=1074/962
shopping/settings: 200 loaded=true denied=false errors=0 failed=0 overflow(d/t/m)=0/0/0 h=1420/1878
shopping/alerts: 200 loaded=true denied=false errors=0 failed=0 overflow(d/t/m)=0/0/0 h=2565/4159
cleaning/dashboard: 200 loaded=true denied=false errors=0 failed=0 overflow(d/t/m)=0/0/0 h=1898/2400
cleaning/tasks: 200 loaded=true denied=false errors=0 failed=0 overflow(d/t/m)=0/0/0 h=1074/963
cleaning/schedules: 200 loaded=true denied=false errors=0 failed=0 overflow(d/t/m)=0/0/0 h=1074/962
cleaning/supplies: 200 loaded=true denied=false errors=0 failed=0 overflow(d/t/m)=0/0/0 h=1074/1293
cleaning/equipment: 200 loaded=true denied=false errors=0 failed=0 overflow(d/t/m)=0/0/0 h=2182/3236
cleaning/damage: 200 loaded=true denied=false errors=0 failed=0 overflow(d/t/m)=0/0/0 h=1074/1145
cleaning/workflows: 200 loaded=true denied=false errors=0 failed=0 overflow(d/t/m)=0/0/0 h=1074/1009
cleaning/notifications: 200 loaded=true denied=false errors=0 failed=0 overflow(d/t/m)=0/0/0 h=1074/1126
cleaning/settings: 200 loaded=true denied=false errors=0 failed=0 overflow(d/t/m)=0/0/0 h=1403/1675
cleaning-manager/management: 200 loaded=true denied=false errors=0 failed=0 overflow(d/t/m)=0/0/0 h=1128/1699
platform/dashboard: 200 loaded=true denied=false errors=0 failed=5 overflow(d/t/m)=0/0/0 h=1187/1800
platform/company-database: 200 loaded=true denied=false errors=0 failed=0 overflow(d/t/m)=0/0/0 h=1074/1134
platform/user-management: 200 loaded=true denied=false errors=0 failed=2 overflow(d/t/m)=0/0/0 h=1125/1703
platform/subscription-management: 200 loaded=true denied=false errors=0 failed=2 overflow(d/t/m)=0/0/0 h=1074/1334
platform/pricing-management: 200 loaded=true denied=false errors=0 failed=0 overflow(d/t/m)=0/0/0 h=2207/3959
platform/trial-management: 200 loaded=true denied=false errors=0 failed=0 overflow(d/t/m)=0/0/0 h=1074/1214
platform/currency-monitoring: 200 loaded=true denied=false errors=0 failed=0 overflow(d/t/m)=0/0/0 h=1480/2074
platform/cms-blog: 200 loaded=true denied=false errors=0 failed=0 overflow(d/t/m)=0/0/0 h=1136/1816
platform/cms-pages: 200 loaded=true denied=false errors=0 failed=0 overflow(d/t/m)=0/0/0 h=1074/1319
platform/tax-rules: 200 loaded=true denied=false errors=0 failed=0 overflow(d/t/m)=0/0/0 h=1074/1184
platform/audit-logs: 200 loaded=true denied=false errors=0 failed=0 overflow(d/t/m)=0/0/0 h=1074/898
platform/financial-dashboard: 200 loaded=true denied=false errors=0 failed=2 overflow(d/t/m)=0/0/0 h=1074/1313
platform/messaging-templates: 200 loaded=true denied=false errors=0 failed=0 overflow(d/t/m)=0/0/0 h=1698/2385
platform/payment-issues: 200 loaded=true denied=false errors=0 failed=0 overflow(d/t/m)=0/0/0 h=1074/1138
platform/running-todo: 200 loaded=true denied=false errors=0 failed=0 overflow(d/t/m)=0/0/0 h=2449/4299
platform/settings: 200 loaded=true denied=false errors=0 failed=2 overflow(d/t/m)=0/0/0 h=1074/1039
platform/tech-costs: 200 loaded=true denied=false errors=0 failed=2 overflow(d/t/m)=0/0/0 h=1074/898
platform/tenant-health: 200 loaded=true denied=false errors=0 failed=0 overflow(d/t/m)=0/0/0 h=1115/1973
