shopping/dashboard: 200 loaded=true denied=false errors=0 failed=0 overflow(d/t/m)=0/0/0 h=1202/1387
shopping/buy-list: 200 loaded=true denied=false errors=0 failed=0 overflow(d/t/m)=0/0/0 h=1747/2566
shopping/orders: 200 loaded=true denied=false errors=0 failed=0 overflow(d/t/m)=0/0/0 h=1074/1155
shopping/kitchen-demand: 200 loaded=true denied=false errors=0 failed=0 overflow(d/t/m)=0/0/0 h=1074/1228
shopping/restock: 200 loaded=true denied=false errors=0 failed=0 overflow(d/t/m)=0/0/0 h=1479/2431
shopping/inventory: 200 loaded=true denied=false errors=0 failed=0 overflow(d/t/m)=0/0/0 h=1207/1590
shopping/suppliers: 200 loaded=true denied=false errors=0 failed=0 overflow(d/t/m)=0/0/0 h=1272/2534
shopping/invoices: 200 loaded=true denied=false errors=0 failed=0 overflow(d/t/m)=0/0/0 h=1074/1075
shopping/receipts: 200 loaded=true denied=false errors=0 failed=0 overflow(d/t/m)=0/0/0 h=1074/1149
shopping/notifications: 200 loaded=true denied=false errors=0 failed=0 overflow(d/t/m)=0/0/0 h=1074/962
shopping/settings: 200 loaded=true denied=false errors=0 failed=0 overflow(d/t/m)=0/0/0 h=1420/1878
shopping/alerts: 200 loaded=true denied=false errors=0 failed=0 overflow(d/t/m)=0/0/0 h=1747/2566
cleaning/dashboard: 200 loaded=true denied=false errors=0 failed=0 overflow(d/t/m)=0/0/0 h=2303/3021
cleaning/tasks: 200 loaded=true denied=false errors=0 failed=0 overflow(d/t/m)=0/0/0 h=1074/983
cleaning/schedules: 200 loaded=true denied=false errors=0 failed=0 overflow(d/t/m)=0/0/0 h=1074/962
cleaning/supplies: 200 loaded=true denied=false errors=0 failed=0 overflow(d/t/m)=0/0/0 h=1074/1269
cleaning/equipment: 200 loaded=true denied=false errors=0 failed=0 overflow(d/t/m)=0/0/0 h=1990/3054
cleaning/damage: 200 loaded=true denied=false errors=0 failed=0 overflow(d/t/m)=0/0/0 h=1074/1039
cleaning/workflows: 200 loaded=true denied=false errors=0 failed=0 overflow(d/t/m)=0/0/0 h=1074/1009
cleaning/notifications: 200 loaded=true denied=false errors=0 failed=0 overflow(d/t/m)=0/0/0 h=1074/1126
cleaning/settings: 200 loaded=true denied=false errors=0 failed=0 overflow(d/t/m)=0/0/0 h=1403/1675
cleaning-manager/management: 200 loaded=true denied=false errors=0 failed=0 overflow(d/t/m)=0/0/0 h=1128/1699
