shopping/dashboard: 200 loaded=true denied=false errors=0 failed=0 overflow(d/t/m)=0/0/0 h=1202/1631
shopping/buy-list: 200 loaded=true denied=false errors=0 failed=0 overflow(d/t/m)=0/0/0 h=1747/2800
shopping/orders: 200 loaded=true denied=false errors=0 failed=0 overflow(d/t/m)=0/0/0 h=1074/1113
shopping/kitchen-demand: 200 loaded=true denied=false errors=0 failed=0 overflow(d/t/m)=0/0/0 h=1074/1350
shopping/restock: 200 loaded=true denied=false errors=0 failed=0 overflow(d/t/m)=0/0/0 h=1479/2187
shopping/inventory: 200 loaded=true denied=false errors=0 failed=0 overflow(d/t/m)=0/0/0 h=1207/9638
shopping/suppliers: 200 loaded=true denied=false errors=0 failed=0 overflow(d/t/m)=0/0/0 h=1272/2640
shopping/invoices: 200 loaded=true denied=false errors=0 failed=0 overflow(d/t/m)=0/0/0 h=1074/1303
shopping/receipts: 200 loaded=true denied=false errors=0 failed=0 overflow(d/t/m)=0/0/0 h=1074/1149
shopping/notifications: 200 loaded=true denied=false errors=0 failed=0 overflow(d/t/m)=0/0/0 h=1074/962
shopping/settings: 200 loaded=true denied=false errors=0 failed=0 overflow(d/t/m)=0/0/0 h=1420/1878
shopping/alerts: 200 loaded=true denied=false errors=0 failed=0 overflow(d/t/m)=0/0/0 h=1747/2800
cleaning/dashboard: 200 loaded=true denied=false errors=0 failed=0 overflow(d/t/m)=0/0/0 h=2303/3149
cleaning/tasks: 200 loaded=true denied=false errors=0 failed=0 overflow(d/t/m)=0/0/0 h=1074/983
cleaning/schedules: 200 loaded=true denied=false errors=0 failed=0 overflow(d/t/m)=0/0/0 h=1074/962
cleaning/supplies: 200 loaded=true denied=false errors=0 failed=0 overflow(d/t/m)=0/0/0 h=1074/1119
cleaning/equipment: 200 loaded=true denied=false errors=0 failed=0 overflow(d/t/m)=0/0/0 h=1978/2912
cleaning/damage: 200 loaded=true denied=false errors=0 failed=0 overflow(d/t/m)=0/0/0 h=1074/1039
cleaning/workflows: 200 loaded=true denied=false errors=0 failed=0 overflow(d/t/m)=0/0/0 h=1074/1009
cleaning/notifications: 200 loaded=true denied=false errors=0 failed=0 overflow(d/t/m)=0/0/0 h=2139/3599
cleaning/settings: 200 loaded=true denied=false errors=0 failed=0 overflow(d/t/m)=0/0/0 h=1403/1675
cleaning-manager/management: 200 loaded=true denied=false errors=0 failed=0 overflow(d/t/m)=0/0/0 h=1096/1755
