shopping/dashboard: 200 loaded=true denied=false errors=0 failed=0 overflow(d/t/m)=0/0/0 h=1202/1387
shopping/buy-list: 200 loaded=true denied=false errors=0 failed=0 overflow(d/t/m)=0/0/0 h=2565/4159
shopping/orders: 200 loaded=true denied=false errors=0 failed=0 overflow(d/t/m)=0/0/0 h=1074/1155
shopping/kitchen-demand: 200 loaded=true denied=false errors=0 failed=0 overflow(d/t/m)=0/0/0 h=1704/2391
shopping/restock: 200 loaded=true denied=false errors=0 failed=0 overflow(d/t/m)=0/0/0 h=1479/2431
shopping/inventory: 200 loaded=true denied=false errors=0 failed=0 overflow(d/t/m)=0/0/0 h=1207/1590
shopping/suppliers: 200 loaded=true denied=false errors=0 failed=0 overflow(d/t/m)=0/0/0 h=1344/2630
shopping/invoices: 200 loaded=true denied=false errors=0 failed=0 overflow(d/t/m)=0/0/0 h=1074/1059
shopping/receipts: 200 loaded=true denied=false errors=0 failed=0 overflow(d/t/m)=0/0/0 h=1074/1112
shopping/notifications: 200 loaded=true denied=false errors=0 failed=0 overflow(d/t/m)=0/0/0 h=1074/962
shopping/settings: 200 loaded=true denied=false errors=0 failed=0 overflow(d/t/m)=0/0/0 h=1420/1878
shopping/alerts: 200 loaded=true denied=false errors=0 failed=0 overflow(d/t/m)=0/0/0 h=2565/4159
cleaning/dashboard: 200 loaded=true denied=false errors=0 failed=0 overflow(d/t/m)=0/0/0 h=1898/2400
cleaning/tasks: 200 loaded=true denied=false errors=0 failed=0 overflow(d/t/m)=0/0/0 h=1074/962
cleaning/schedules: 200 loaded=true denied=false errors=0 failed=0 overflow(d/t/m)=0/0/0 h=1074/962
cleaning/supplies: 200 loaded=true denied=false errors=0 failed=0 overflow(d/t/m)=0/0/0 h=1074/1269
cleaning/equipment: 200 loaded=true denied=false errors=0 failed=0 overflow(d/t/m)=0/0/0 h=1990/3054
cleaning/damage: 200 loaded=true denied=false errors=0 failed=0 overflow(d/t/m)=0/0/0 h=1074/1121
cleaning/workflows: 200 loaded=true denied=false errors=0 failed=0 overflow(d/t/m)=0/0/0 h=1074/1009
cleaning/notifications: 200 loaded=true denied=false errors=0 failed=0 overflow(d/t/m)=0/0/0 h=1074/1126
cleaning/settings: 200 loaded=true denied=false errors=0 failed=0 overflow(d/t/m)=0/0/0 h=1403/1675
cleaning-manager/management: 200 loaded=true denied=false errors=0 failed=0 overflow(d/t/m)=0/0/0 h=1128/1699
platform/dashboard: 200 loaded=true denied=false errors=0 failed=0 overflow(d/t/m)=0/0/0 h=1277/2388
platform/company-database: 200 loaded=true denied=false errors=0 failed=0 overflow(d/t/m)=0/0/0 h=1074/1404
platform/user-management: 200 loaded=true denied=false errors=0 failed=0 overflow(d/t/m)=0/0/0 h=2278/3116
platform/subscription-management: 200 loaded=true denied=false errors=0 failed=0 overflow(d/t/m)=0/0/0 h=1074/1510
platform/pricing-management: 200 loaded=true denied=false errors=0 failed=0 overflow(d/t/m)=0/0/0 h=2279/4127
platform/trial-management: 200 loaded=true denied=false errors=0 failed=0 overflow(d/t/m)=0/0/0 h=1074/1214
platform/currency-monitoring: 200 loaded=true denied=false errors=0 failed=0 overflow(d/t/m)=0/0/0 h=1538/2512
platform/cms-blog: 200 loaded=true denied=false errors=0 failed=0 overflow(d/t/m)=0/0/0 h=1136/1816
platform/cms-pages: 200 loaded=true denied=false errors=0 failed=0 overflow(d/t/m)=0/0/0 h=1074/1555
platform/tax-rules: 200 loaded=true denied=false errors=0 failed=0 overflow(d/t/m)=0/0/0 h=3573/5537
platform/audit-logs: 200 loaded=true denied=false errors=0 failed=0 overflow(d/t/m)=0/0/0 h=3025/3814
platform/financial-dashboard: 200 loaded=true denied=false errors=0 failed=0 overflow(d/t/m)=0/0/0 h=1074/1944
platform/messaging-templates: 200 loaded=true denied=false errors=0 failed=0 overflow(d/t/m)=0/0/0 h=1700/2405
platform/payment-issues: 200 loaded=true denied=false errors=0 failed=0 overflow(d/t/m)=0/0/0 h=1074/1228
platform/running-todo: 200 loaded=true denied=false errors=0 failed=0 overflow(d/t/m)=0/0/0 h=2415/4389
platform/settings: 200 loaded=true denied=false errors=0 failed=0 overflow(d/t/m)=0/0/0 h=1074/981
platform/tech-costs: 200 loaded=true denied=false errors=0 failed=0 overflow(d/t/m)=0/0/0 h=4012/7286
platform/tenant-health: 200 loaded=true denied=false errors=0 failed=0 overflow(d/t/m)=0/0/0 h=1115/1975
