account-admin/settings: 200 loaded=true denied=false errors=0 failed=0 overflow(d/t/m)=0/0/0 h=1074/1448
account-admin/achievements: 200 loaded=true denied=false errors=0 failed=0 overflow(d/t/m)=0/0/0 h=1221/1572
account-kitchen/settings: 200 loaded=true denied=false errors=0 failed=0 overflow(d/t/m)=0/0/0 h=1074/1448
account-kitchen/achievements: 200 loaded=true denied=false errors=0 failed=0 overflow(d/t/m)=0/0/0 h=1221/1572
account-driver/settings: 200 loaded=true denied=false errors=0 failed=0 overflow(d/t/m)=0/0/0 h=1074/1448
account-waiter/settings: 200 loaded=true denied=false errors=0 failed=0 overflow(d/t/m)=0/0/0 h=1074/1448
account-waiter/achievements: 200 loaded=true denied=false errors=0 failed=0 overflow(d/t/m)=0/0/0 h=1221/1183
account-client/settings: 200 loaded=true denied=false errors=0 failed=0 overflow(d/t/m)=0/0/0 h=1074/1448
client-subs/subscription-invoices: 200 loaded=true denied=false errors=0 failed=0 overflow(d/t/m)=0/0/0 h=1074/898
platform/dashboard: 200 loaded=true denied=false errors=0 failed=0 overflow(d/t/m)=0/0/0 h=1270/2091
platform/company-database: 200 loaded=true denied=false errors=0 failed=0 overflow(d/t/m)=0/0/0 h=1074/1660
platform/user-management: 200 loaded=true denied=false errors=0 failed=0 overflow(d/t/m)=0/0/0 h=2278/3116
platform/subscription-management: 200 loaded=true denied=false errors=0 failed=0 overflow(d/t/m)=0/0/0 h=1190/2034
platform/pricing-management: 200 loaded=true denied=false errors=0 failed=0 overflow(d/t/m)=0/0/0 h=2279/4127
platform/trial-management: 200 loaded=true denied=false errors=0 failed=0 overflow(d/t/m)=0/0/0 h=1074/1142
platform/currency-monitoring: 200 loaded=true denied=false errors=0 failed=0 overflow(d/t/m)=0/0/0 h=1926/2774
platform/cms-blog: 200 loaded=true denied=false errors=0 failed=0 overflow(d/t/m)=0/0/0 h=1136/1816
platform/cms-pages: 200 loaded=true denied=false errors=4 failed=0 overflow(d/t/m)=0/0/0 h=1074/898
platform/tax-rules: 200 loaded=true denied=false errors=0 failed=0 overflow(d/t/m)=0/0/0 h=3573/5503
platform/audit-logs: 200 loaded=true denied=false errors=0 failed=0 overflow(d/t/m)=0/0/0 h=3025/3785
platform/financial-dashboard: 200 loaded=true denied=false errors=0 failed=0 overflow(d/t/m)=0/0/0 h=1074/1494
platform/messaging-templates: 200 loaded=true denied=false errors=0 failed=0 overflow(d/t/m)=0/0/0 h=1700/2405
platform/payment-issues: 200 loaded=true denied=false errors=0 failed=0 overflow(d/t/m)=0/0/0 h=1074/1228
platform/running-todo: 200 loaded=true denied=false errors=0 failed=0 overflow(d/t/m)=0/0/0 h=2647/4987
platform/settings: 200 loaded=true denied=false errors=0 failed=0 overflow(d/t/m)=0/0/0 h=1074/1056
platform/tech-costs: 200 loaded=true denied=false errors=0 failed=0 overflow(d/t/m)=0/0/0 h=2247/3607
platform/tenant-health: 200 loaded=true denied=false errors=0 failed=0 overflow(d/t/m)=0/0/0 h=1115/1983
